// Jest Snapshot v1, https://goo.gl/fbAQLP

exports[`InterviewRoom Component to match snapshot 1`] = `
<div>
  <div
    class="w-full h-screen bg-gray-100 dark:bg-gray-900 flex flex-col"
  >
    <div
      data-testid="topbar"
    />
    <div
      class="flex flex-1 overflow-hidden"
    >
      <div
        data-testid="videoconference"
      />
      <div
        data-testid="audio-renderer"
      />
      <div
        data-testid="sidebar"
      >
        <span
          class="text-sm text-white"
        >
          Network Connected via:
        </span>
        <div
          data-testid="chart"
        />
        <div
          data-testid="chart"
        />
        <div
          data-testid="chart"
        />
      </div>
    </div>
    <button
      data-testid="controls"
    />
  </div>
</div>
`;
